# A header file for further analysis with R.
timestep:	factor:	average:	stddev:	entropy:
1	INTERTEST	0.000000	0.000000e+00	0.000000e+00
2	INTERTEST	0.500000	0.000000e+00	4.643856e+00
3	INTERTEST	0.250000	0.000000e+00	4.643856e+00
4	INTERTEST	0.125000	0.000000e+00	4.643856e+00
5	INTERTEST	0.062500	0.000000e+00	4.643856e+00
6	INTERTEST	0.031250	0.000000e+00	4.643856e+00
7	INTERTEST	0.158482	5.782412e-18	4.643856e+00
8	INTERTEST	0.079241	2.891206e-18	4.643856e+00
9	INTERTEST	0.039621	1.445603e-18	4.643856e+00
10	INTERTEST	0.094151	1.156482e-17	4.643856e+00
11	INTERTEST	0.047075	5.782412e-18	4.643856e+00
12	INTERTEST	0.043423	4.336809e-18	4.643856e+00
13	INTERTEST	0.067571	5.782412e-18	4.643856e+00
14	INTERTEST	0.033785	2.891206e-18	4.643856e+00
15	INTERTEST	0.138092	1.156482e-17	4.643856e+00
16	INTERTEST	0.069046	5.782412e-18	4.643856e+00
17	INTERTEST	0.034523	2.891206e-18	4.643856e+00
18	INTERTEST	0.132312	0.000000e+00	4.643856e+00
19	INTERTEST	0.066156	0.000000e+00	4.643856e+00
20	INTERTEST	0.033078	0.000000e+00	4.643856e+00
21	INTERTEST	0.143698	1.734723e-17	4.643856e+00
22	INTERTEST	0.071849	8.673617e-18	4.643856e+00
23	INTERTEST	0.035924	4.336809e-18	4.643856e+00
24	INTERTEST	0.121516	2.891206e-18	4.643856e+00
25	INTERTEST	0.060758	2.891206e-18	4.643856e+00
26	INTERTEST	0.030379	1.445603e-18	4.643856e+00
27	INTERTEST	0.165681	1.156482e-17	4.643856e+00
28	INTERTEST	0.082840	5.782412e-18	4.643856e+00
29	INTERTEST	0.041420	2.891206e-18	4.643856e+00
30	INTERTEST	0.081379	0.000000e+00	4.643856e+00
