# A header file for further analysis with R.
timestep:	factor:	average:	stddev:	entropy:
1	DECAYTEST	0.400000	4.082483e-01	0.000000e+00
2	DECAYTEST	0.200000	1.087532e-01	2.000000e+00
3	DECAYTEST	0.100000	3.683423e-02	3.024397e+00
4	DECAYTEST	0.050000	1.368809e-02	3.603631e+00
5	DECAYTEST	0.025000	5.330831e-03	3.957236e+00
6	DECAYTEST	0.012500	2.128868e-03	4.184535e+00
7	DECAYTEST	0.006250	8.623208e-04	4.334436e+00
8	DECAYTEST	0.003125	3.522054e-04	4.434503e+00
9	DECAYTEST	0.001563	1.445676e-04	4.501782e+00
10	DECAYTEST	0.000781	5.951672e-05	4.547231e+00
11	DECAYTEST	0.000391	2.454663e-05	4.578035e+00
12	DECAYTEST	0.000195	1.013502e-05	4.598965e+00
13	DECAYTEST	0.000098	4.187476e-06	4.613211e+00
14	DECAYTEST	0.000049	1.730861e-06	4.622923e+00
15	DECAYTEST	0.000024	7.156237e-07	4.629549e+00
16	DECAYTEST	0.000012	2.959222e-07	4.634075e+00
17	DECAYTEST	0.000006	1.223810e-07	4.637167e+00
18	DECAYTEST	0.000003	5.061481e-08	4.639281e+00
19	DECAYTEST	0.000002	2.093429e-08	4.640726e+00
20	DECAYTEST	0.000001	8.658638e-09	4.641715e+00
21	DECAYTEST	0.000000	3.581356e-09	4.642391e+00
22	DECAYTEST	0.000000	1.481322e-09	4.642853e+00
23	DECAYTEST	0.000000	6.127090e-10	4.643170e+00
24	DECAYTEST	0.000000	2.534315e-10	4.643387e+00
25	DECAYTEST	0.000000	1.048257e-10	4.643535e+00
26	DECAYTEST	0.000000	4.335865e-11	4.643636e+00
27	DECAYTEST	0.000000	1.793429e-11	4.643706e+00
28	DECAYTEST	0.000000	7.418101e-12	4.643753e+00
29	DECAYTEST	0.000000	3.068326e-12	4.643786e+00
30	DECAYTEST	0.000000	1.269142e-12	4.643808e+00
