# A header file for further analysis with R.
timestep:	factor:	average:	stddev:	entropy:
1	ZEROTEST	0.000000	0.000000e+00	0.000000e+00
2	ZEROTEST	0.000000	0.000000e+00	0.000000e+00
3	ZEROTEST	0.000000	0.000000e+00	0.000000e+00
4	ZEROTEST	0.000000	0.000000e+00	0.000000e+00
5	ZEROTEST	0.000000	0.000000e+00	0.000000e+00
6	ZEROTEST	0.000000	0.000000e+00	0.000000e+00
7	ZEROTEST	0.000000	0.000000e+00	0.000000e+00
8	ZEROTEST	0.000000	0.000000e+00	0.000000e+00
9	ZEROTEST	0.000000	0.000000e+00	0.000000e+00
10	ZEROTEST	0.000000	0.000000e+00	0.000000e+00
11	ZEROTEST	0.000000	0.000000e+00	0.000000e+00
12	ZEROTEST	0.000000	0.000000e+00	0.000000e+00
13	ZEROTEST	0.000000	0.000000e+00	0.000000e+00
14	ZEROTEST	0.000000	0.000000e+00	0.000000e+00
15	ZEROTEST	0.000000	0.000000e+00	0.000000e+00
16	ZEROTEST	0.000000	0.000000e+00	0.000000e+00
17	ZEROTEST	0.000000	0.000000e+00	0.000000e+00
18	ZEROTEST	0.000000	0.000000e+00	0.000000e+00
19	ZEROTEST	0.000000	0.000000e+00	0.000000e+00
20	ZEROTEST	0.000000	0.000000e+00	0.000000e+00
21	ZEROTEST	0.000000	0.000000e+00	0.000000e+00
22	ZEROTEST	0.000000	0.000000e+00	0.000000e+00
23	ZEROTEST	0.000000	0.000000e+00	0.000000e+00
24	ZEROTEST	0.000000	0.000000e+00	0.000000e+00
25	ZEROTEST	0.000000	0.000000e+00	0.000000e+00
26	ZEROTEST	0.000000	0.000000e+00	0.000000e+00
27	ZEROTEST	0.000000	0.000000e+00	0.000000e+00
28	ZEROTEST	0.000000	0.000000e+00	0.000000e+00
29	ZEROTEST	0.000000	0.000000e+00	0.000000e+00
30	ZEROTEST	0.000000	0.000000e+00	0.000000e+00
